#-----------------------------------------------------------
# Vivado v2023.2 (64-bit)
# SW Build 4029153 on Fri Oct 13 20:14:34 MDT 2023
# IP Build 4028589 on Sat Oct 14 00:45:43 MDT 2023
# SharedData Build 4025554 on Tue Oct 10 17:18:54 MDT 2023
# Start of session at: Fri May 31 11:08:57 2024
# Process ID: 27512
# Current directory: C:/Users/danie/Dropbox/physics/UdeC/experimento decoy/FPGA/FPGA2_measurement/nexysA7_driver_PM
# Command line: vivado.exe -gui_launcher_event rodinguilauncherevent17712 C:\Users\danie\Dropbox\physics\UdeC\experimento decoy\FPGA\FPGA2_measurement\nexysA7_driver_PM\nexysA7_driver_PM.xpr
# Log file: C:/Users/danie/Dropbox/physics/UdeC/experimento decoy/FPGA/FPGA2_measurement/nexysA7_driver_PM/vivado.log
# Journal file: C:/Users/danie/Dropbox/physics/UdeC/experimento decoy/FPGA/FPGA2_measurement/nexysA7_driver_PM\vivado.jou
# Running On: donaufeld, OS: Windows, CPU Frequency: 2611 MHz, CPU Physical cores: 10, Host memory: 34016 MB
#-----------------------------------------------------------
start_gui
open_project -read_only {C:/Users/danie/Dropbox/physics/UdeC/experimento decoy/FPGA/FPGA2_measurement/nexysA7_driver_PM/nexysA7_driver_PM.xpr}
update_compile_order -fileset sources_1
reset_run synth_1
